
Running 3 tests using 1 worker

(node:10779) Warning: The 'NO_COLOR' env is ignored due to the 'FORCE_COLOR' env being set.
(Use `node --trace-warnings ...` to show where the warning was created)
  ✘  1 tests/browser/viewport.spec.ts:58:36 › chapter text stays anchored through mobile toolbar motion from 655px (541ms)
(node:10798) Warning: The 'NO_COLOR' env is ignored due to the 'FORCE_COLOR' env being set.
(Use `node --trace-warnings ...` to show where the warning was created)
  ✘  2 tests/browser/viewport.spec.ts:58:36 › chapter text stays anchored through mobile toolbar motion from 719px (445ms)
(node:10815) Warning: The 'NO_COLOR' env is ignored due to the 'FORCE_COLOR' env being set.
(Use `node --trace-warnings ...` to show where the warning was created)
  ✘  3 tests/browser/viewport.spec.ts:71:1 › opening and Sun copy fade reversibly without sliding their title or eyebrow (1.1s)


  1) tests/browser/viewport.spec.ts:58:36 › chapter text stays anchored through mobile toolbar motion from 655px 

    Error: expect(received).toBeLessThanOrEqual(expected)

    Expected: <= 1
    Received:    5.75

      65 |   await fillsViewport(page);
      66 |   const after=await positions();
    > 67 |   after.forEach((top,i)=>expect(Math.abs(top-before[i])).toBeLessThanOrEqual(1));
         |                                                          ^
      68 |  }
      69 | });
      70 |
        at forEach (/Users/nick/Projects/Aesir Solar/experience-stage1/tests/browser/viewport.spec.ts:67:58)
        at /Users/nick/Projects/Aesir Solar/experience-stage1/tests/browser/viewport.spec.ts:67:9

    Error Context: test-results/viewport-chapter-text-stay-25f09-e-toolbar-motion-from-655px/error-context.md

  2) tests/browser/viewport.spec.ts:58:36 › chapter text stays anchored through mobile toolbar motion from 719px 

    Error: expect(received).toBeLessThanOrEqual(expected)

    Expected: <= 1
    Received:    5.5

      65 |   await fillsViewport(page);
      66 |   const after=await positions();
    > 67 |   after.forEach((top,i)=>expect(Math.abs(top-before[i])).toBeLessThanOrEqual(1));
         |                                                          ^
      68 |  }
      69 | });
      70 |
        at forEach (/Users/nick/Projects/Aesir Solar/experience-stage1/tests/browser/viewport.spec.ts:67:58)
        at /Users/nick/Projects/Aesir Solar/experience-stage1/tests/browser/viewport.spec.ts:67:9

    Error Context: test-results/viewport-chapter-text-stay-ccd0f-e-toolbar-motion-from-719px/error-context.md

  3) tests/browser/viewport.spec.ts:71:1 › opening and Sun copy fade reversibly without sliding their title or eyebrow 

    Error: expect(received).toBeLessThanOrEqual(expected)

    Expected: <= 1
    Received:    6.264068603515625

      78 |    opacities.push(Number(await page.locator(selector).evaluate(e=>getComputedStyle(e).opacity)));
      79 |   }
    > 80 |   for(const row of tops)row.forEach((top,i)=>expect(Math.abs(top-tops[0][i])).toBeLessThanOrEqual(1));
         |                                                                               ^
      81 |   expect(opacities[0]).toBeGreaterThan(.99);expect(opacities[3]).toBeLessThan(.1);
      82 |   expect(opacities.at(-1)).toBeCloseTo(opacities[0],2);
      83 |  }
        at forEach (/Users/nick/Projects/Aesir Solar/experience-stage1/tests/browser/viewport.spec.ts:80:79)
        at /Users/nick/Projects/Aesir Solar/experience-stage1/tests/browser/viewport.spec.ts:80:29

    Error Context: test-results/viewport-opening-and-Sun-c-b068d-ding-their-title-or-eyebrow/error-context.md

  3 failed
    tests/browser/viewport.spec.ts:58:36 › chapter text stays anchored through mobile toolbar motion from 655px 
    tests/browser/viewport.spec.ts:58:36 › chapter text stays anchored through mobile toolbar motion from 719px 
    tests/browser/viewport.spec.ts:71:1 › opening and Sun copy fade reversibly without sliding their title or eyebrow 
