{
  name: 'laptop',
  frames: [
    { label: 'Sun', p50: 16.699999999999818, p95: 18.699999999999818 },
    {
      label: 'Earth',
      p50: 16.699999999999818,
      p95: 18.600000000000364
    },
    { label: 'Panel', p50: 16.69999999999891, p95: 18.600000000000364 },
    { label: 'Cell', p50: 16.700000000000728, p95: 18.600000000000364 },
    {
      label: 'Inverter',
      p50: 16.700000000000728,
      p95: 18.600000000002183
    },
    {
      label: 'Business',
      p50: 16.69999999999709,
      p95: 18.600000000002183
    },
    {
      label: 'Storage',
      p50: 16.700000000000728,
      p95: 18.600000000002183
    },
    { label: 'Brand', p50: 16.69999999999709, p95: 18.600000000002183 }
  ],
  frozen: true,
  errors: [],
  warnings: []
}
{
  name: 'desktop',
  frames: [
    { label: 'Sun', p50: 16.699999999999818, p95: 18.59999999999991 },
    {
      label: 'Earth',
      p50: 16.699999999999818,
      p95: 18.600000000000364
    },
    { label: 'Panel', p50: 16.700000000000728, p95: 18.5 },
    { label: 'Cell', p50: 16.700000000000728, p95: 18.600000000000364 },
    {
      label: 'Inverter',
      p50: 16.69999999999709,
      p95: 18.599999999998545
    },
    {
      label: 'Business',
      p50: 16.69999999999709,
      p95: 18.599999999998545
    },
    {
      label: 'Storage',
      p50: 16.69999999999709,
      p95: 18.700000000000728
    },
    { label: 'Brand', p50: 16.69999999999709, p95: 18.599999999998545 }
  ],
  frozen: true,
  errors: [],
  warnings: []
}
{
  name: 'mobile',
  frames: [
    { label: 'Sun', p50: 16.699999999999818, p95: 18.299999999999955 },
    {
      label: 'Earth',
      p50: 16.699999999999818,
      p95: 17.800000000000182
    },
    { label: 'Panel', p50: 16.69999999999891, p95: 18.19999999999891 },
    { label: 'Cell', p50: 16.69999999999891, p95: 18.200000000000728 },
    {
      label: 'Inverter',
      p50: 16.700000000000728,
      p95: 18.299999999999272
    },
    {
      label: 'Business',
      p50: 16.700000000000728,
      p95: 18.200000000000728
    },
    {
      label: 'Storage',
      p50: 16.700000000000728,
      p95: 18.099999999998545
    },
    { label: 'Brand', p50: 16.69999999999709, p95: 18.10000000000582 }
  ],
  frozen: true,
  errors: [],
  warnings: []
}
{
  name: 'intermediate',
  frames: [
    { label: 'Sun', p50: 16.699999999999818, p95: 18.299999999999727 },
    {
      label: 'Earth',
      p50: 16.699999999999818,
      p95: 18.100000000000364
    },
    { label: 'Panel', p50: 16.69999999999891, p95: 18.19999999999891 },
    { label: 'Cell', p50: 16.69999999999891, p95: 18.099999999998545 },
    {
      label: 'Inverter',
      p50: 16.69999999999709,
      p95: 18.200000000000728
    },
    {
      label: 'Business',
      p50: 16.69999999999709,
      p95: 18.200000000000728
    },
    {
      label: 'Storage',
      p50: 16.700000000000728,
      p95: 18.19999999999709
    },
    { label: 'Brand', p50: 16.69999999999709, p95: 18.099999999998545 }
  ],
  frozen: true,
  errors: [],
  warnings: []
}
{
  name: 'short',
  frames: [
    { label: 'Sun', p50: 16.699999999999818, p95: 18 },
    {
      label: 'Earth',
      p50: 16.699999999999818,
      p95: 18.100000000000364
    },
    { label: 'Panel', p50: 16.69999999999891, p95: 18.100000000000364 },
    { label: 'Cell', p50: 16.700000000000728, p95: 18.100000000000364 },
    {
      label: 'Inverter',
      p50: 16.700000000000728,
      p95: 18.100000000002183
    },
    {
      label: 'Business',
      p50: 16.700000000000728,
      p95: 18.099999999998545
    },
    { label: 'Storage', p50: 16.69999999999709, p95: 18 },
    { label: 'Brand', p50: 16.69999999999709, p95: 18.099999999998545 }
  ],
  frozen: true,
  errors: [],
  warnings: []
}
