[
  {
    "progress": 0.06,
    "height": 719,
    "sun": {
      "x": 194.5569358178054,
      "y": 507.6656314699793,
      "height": 25,
      "count": 966
    }
  },
  {
    "progress": 0.06,
    "height": 844,
    "sun": {
      "x": 194.5569358178054,
      "y": 507.6656314699793,
      "height": 25,
      "count": 966
    }
  },
  {
    "progress": 0.06,
    "height": 769,
    "sun": {
      "x": 194.5569358178054,
      "y": 507.6656314699793,
      "height": 25,
      "count": 966
    }
  },
  {
    "progress": 0.06,
    "height": 819,
    "sun": {
      "x": 194.5569358178054,
      "y": 507.6656314699793,
      "height": 25,
      "count": 966
    }
  },
  {
    "progress": 0.06,
    "height": 719,
    "sun": {
      "x": 194.5569358178054,
      "y": 507.6656314699793,
      "height": 25,
      "count": 966
    }
  },
  {
    "progress": 0.15,
    "height": 719,
    "sun": {
      "x": 194.41589198760514,
      "y": 512.1881363435149,
      "height": 74,
      "count": 9036
    }
  },
  {
    "progress": 0.15,
    "height": 844,
    "sun": {
      "x": 194.4086993970715,
      "y": 513.6032515073213,
      "height": 75,
      "count": 9288
    }
  },
  {
    "progress": 0.15,
    "height": 769,
    "sun": {
      "x": 194.4086993970715,
      "y": 513.6032515073213,
      "height": 75,
      "count": 9288
    }
  },
  {
    "progress": 0.15,
    "height": 819,
    "sun": {
      "x": 194.4086993970715,
      "y": 513.6032515073213,
      "height": 75,
      "count": 9288
    }
  },
  {
    "progress": 0.15,
    "height": 719,
    "sun": {
      "x": 194.41589198760514,
      "y": 512.1881363435149,
      "height": 74,
      "count": 9036
    }
  }
]
