[
  {
    "progress": 0.06,
    "height": 719,
    "sun": {
      "x": 194.5569358178054,
      "y": 507.6656314699793,
      "height": 35,
      "count": 966
    }
  },
  {
    "progress": 0.06,
    "height": 844,
    "sun": {
      "x": 194.4793077501881,
      "y": 596.0729872084274,
      "height": 42,
      "count": 1329
    }
  },
  {
    "progress": 0.06,
    "height": 769,
    "sun": {
      "x": 194.47683923705722,
      "y": 543.0572207084468,
      "height": 38,
      "count": 1101
    }
  },
  {
    "progress": 0.06,
    "height": 819,
    "sun": {
      "x": 194.52964743589743,
      "y": 578.3453525641025,
      "height": 40,
      "count": 1248
    }
  },
  {
    "progress": 0.06,
    "height": 719,
    "sun": {
      "x": 194.5569358178054,
      "y": 507.6656314699793,
      "height": 35,
      "count": 966
    }
  },
  {
    "progress": 0.15,
    "height": 719,
    "sun": {
      "x": 194.41589198760514,
      "y": 512.1881363435149,
      "height": 102,
      "count": 9036
    }
  },
  {
    "progress": 0.15,
    "height": 844,
    "sun": {
      "x": 194.406745257241,
      "y": 602.9089702552892,
      "height": 128,
      "count": 12809
    }
  },
  {
    "progress": 0.15,
    "height": 769,
    "sun": {
      "x": 194.43873332080437,
      "y": 549.2950573200526,
      "height": 117,
      "count": 10642
    }
  },
  {
    "progress": 0.15,
    "height": 819,
    "sun": {
      "x": 194.42183746168504,
      "y": 585.0243558942921,
      "height": 124,
      "count": 12071
    }
  },
  {
    "progress": 0.15,
    "height": 719,
    "sun": {
      "x": 194.41589198760514,
      "y": 512.1881363435149,
      "height": 102,
      "count": 9036
    }
  }
]
