[
  {
    "progress": 0.06,
    "height": 719,
    "sun": {
      "x": 194.413179916318,
      "y": 507.63912133891216,
      "height": 25,
      "count": 956
    }
  },
  {
    "progress": 0.06,
    "height": 844,
    "sun": {
      "x": 194.413179916318,
      "y": 507.63912133891216,
      "height": 25,
      "count": 956
    }
  },
  {
    "progress": 0.06,
    "height": 769,
    "sun": {
      "x": 194.413179916318,
      "y": 507.63912133891216,
      "height": 25,
      "count": 956
    }
  },
  {
    "progress": 0.06,
    "height": 819,
    "sun": {
      "x": 194.413179916318,
      "y": 507.63912133891216,
      "height": 25,
      "count": 956
    }
  },
  {
    "progress": 0.06,
    "height": 719,
    "sun": {
      "x": 194.413179916318,
      "y": 507.63912133891216,
      "height": 25,
      "count": 956
    }
  },
  {
    "progress": 0.15,
    "height": 719,
    "sun": {
      "x": 194.43766666666667,
      "y": 512.1282222222222,
      "height": 73,
      "count": 9000
    }
  },
  {
    "progress": 0.15,
    "height": 844,
    "sun": {
      "x": 194.43436857482956,
      "y": 513.4885834866357,
      "height": 75,
      "count": 9241
    }
  },
  {
    "progress": 0.15,
    "height": 769,
    "sun": {
      "x": 194.43436857482956,
      "y": 513.4885834866357,
      "height": 75,
      "count": 9241
    }
  },
  {
    "progress": 0.15,
    "height": 819,
    "sun": {
      "x": 194.43436857482956,
      "y": 513.4885834866357,
      "height": 75,
      "count": 9241
    }
  },
  {
    "progress": 0.15,
    "height": 719,
    "sun": {
      "x": 194.43766666666667,
      "y": 512.1282222222222,
      "height": 73,
      "count": 9000
    }
  }
]
