{
  name: 'laptop',
  frames: [
    { label: 'Sun', p50: 16.699999999999818, p95: 17.40000000000009 },
    {
      label: 'Earth',
      p50: 16.699999999999818,
      p95: 17.300000000000182
    },
    { label: 'Panel', p50: 16.69999999999891, p95: 17.400000000001455 },
    { label: 'Cell', p50: 16.69999999999891, p95: 17.399999999999636 },
    { label: 'Inverter', p50: 16.69999999999709, p95: 17.5 },
    { label: 'Business', p50: 16.69999999999709, p95: 17.5 },
    { label: 'Storage', p50: 16.69999999999709, p95: 17.5 },
    { label: 'Brand', p50: 16.69999999999709, p95: 17.5 }
  ],
  frozen: true,
  errors: [],
  warnings: []
}
{
  name: 'desktop',
  frames: [
    { label: 'Sun', p50: 16.699999999999818, p95: 17.399999999999864 },
    {
      label: 'Earth',
      p50: 16.699999999999818,
      p95: 17.400000000000546
    },
    { label: 'Panel', p50: 16.69999999999891, p95: 17.399999999999636 },
    { label: 'Cell', p50: 16.69999999999891, p95: 17.399999999999636 },
    {
      label: 'Inverter',
      p50: 16.700000000000728,
      p95: 17.400000000001455
    },
    {
      label: 'Business',
      p50: 16.700000000000728,
      p95: 17.299999999999272
    },
    {
      label: 'Storage',
      p50: 16.700000000000728,
      p95: 17.299999999999272
    },
    { label: 'Brand', p50: 16.69999999999709, p95: 17.5 }
  ],
  frozen: true,
  errors: [],
  warnings: []
}
{
  name: 'mobile',
  frames: [
    { label: 'Sun', p50: 16.699999999999818, p95: 17.5 },
    {
      label: 'Earth',
      p50: 16.699999999999818,
      p95: 17.300000000000182
    },
    { label: 'Panel', p50: 16.69999999999891, p95: 17.399999999999636 },
    { label: 'Cell', p50: 16.700000000000728, p95: 17.299999999999272 },
    { label: 'Inverter', p50: 16.700000000000728, p95: 17.5 },
    {
      label: 'Business',
      p50: 16.700000000000728,
      p95: 17.399999999997817
    },
    {
      label: 'Storage',
      p50: 16.69999999999709,
      p95: 17.299999999999272
    },
    { label: 'Brand', p50: 16.69999999999709, p95: 17.400000000001455 }
  ],
  frozen: true,
  errors: [],
  warnings: []
}
{
  name: 'intermediate',
  frames: [
    { label: 'Sun', p50: 16.699999999999818, p95: 17.399999999999636 },
    {
      label: 'Earth',
      p50: 16.699999999999818,
      p95: 17.400000000001455
    },
    { label: 'Panel', p50: 16.69999999999891, p95: 17.399999999999636 },
    { label: 'Cell', p50: 16.700000000000728, p95: 17.399999999997817 },
    {
      label: 'Inverter',
      p50: 16.700000000000728,
      p95: 17.400000000001455
    },
    {
      label: 'Business',
      p50: 16.700000000000728,
      p95: 17.399999999997817
    },
    {
      label: 'Storage',
      p50: 16.700000000000728,
      p95: 17.400000000001455
    },
    { label: 'Brand', p50: 16.69999999999709, p95: 17.5 }
  ],
  frozen: true,
  errors: [],
  warnings: []
}
{
  name: 'short',
  frames: [
    { label: 'Sun', p50: 16.699999999999818, p95: 17.300000000000182 },
    {
      label: 'Earth',
      p50: 16.699999999999818,
      p95: 17.299999999999272
    },
    { label: 'Panel', p50: 16.69999999999891, p95: 17.30000000000109 },
    { label: 'Cell', p50: 16.69999999999709, p95: 17.400000000001455 },
    { label: 'Inverter', p50: 16.69999999999709, p95: 17.5 },
    {
      label: 'Business',
      p50: 16.69999999999709,
      p95: 17.299999999999272
    },
    {
      label: 'Storage',
      p50: 16.700000000000728,
      p95: 17.400000000001455
    },
    { label: 'Brand', p50: 16.69999999999709, p95: 17.400000000001455 }
  ],
  frozen: true,
  errors: [],
  warnings: []
}
