
> aesir-solar@1.0.0 test
> node --test tests/*.test.mjs

✔ camera and guide retrace identically, including boundaries (13.495334ms)
✔ resolution obeys DPR and total-pixel caps (2.040375ms)
✔ untouched operational contracts retain their original bytes through the approved presentation migration (375.561917ms)
✔ assembled pages, anchors, functions and no-SPA routing survive (22.089166ms)
✔ all framings reverse the same world camera, target and guide, including origin rebasing (62.221375ms)
✔ arrival begins and settles with continuous camera and target velocity (0.808958ms)
✔ camera stays outside the photosphere and Earth during acquisition and arrival (23.039584ms)
✔ distance-based trail begins at the guide and measures seven units behind it (1.984875ms)
✔ framing includes short landscape and copy windows remain readable (1.638708ms)
✔ the acquired guide stays on screen at every intermediate flight position (20.789167ms)
✔ preserved payment contracts with dummy credentials and no network (17.1445ms)
✔ the supplied dated record keeps its independent daily total and approximate readings (2.238209ms)
✔ static output exposes source, date, an accessible chart and a native table without telemetry or unsupported fields (1.955458ms)
✔ the chart resizes horizontally without shrinking its readable axis labels (1.414459ms)
✔ numeric zero remains a valid recorded value, distinct from unavailable data (1.220042ms)
✔ an absent internal hour is shown as missing, never fabricated as zero or padded to a whole day (2.662167ms)
✔ missing, nonnumeric and impossible daily values render a coherent application fallback (1.24175ms)
✔ malformed hourly readings are not coerced into valid energy or zero (0.90225ms)
✔ required location and measurement provenance cannot silently disappear (0.28825ms)
✔ calendar validation rejects rollover dates and accepts actual Gregorian leap days (0.475958ms)
✔ a historical record does not expire or change its date as the wall clock advances (0.245542ms)
✔ source strings are escaped in HTML and SVG rather than becoming executable markup (0.242042ms)
✔ tiny positive readings are not rounded into a false recorded zero (0.197209ms)
✔ the HTML transform rereads data, renders success and safely handles malformed or missing files (86.055667ms)
✔ the build hook leaves every other route and token-free HTML unchanged (0.312375ms)
✔ unaffected stage-four fields retain exact poses; documented cell and DC refinements use scoped fixtures (79.47825ms)
✔ new camera joins the settled inverter smoothly and every operation pose reverses exactly (93.570166ms)
✔ activation and the storage/grid conditions have ordered, mutually consistent phases (4.442416ms)
✔ the same AC entry connects the working bay and separately converted optional battery branch (0.519958ms)
✔ the facade opens a real clearance while retaining the inverter mounting wall and reverses exactly (50.967667ms)
✔ new owners count all owned buffers and release every geometry/material/instance once (29.191333ms)
✔ lights, equipment, screen, storage level and flow uniforms reconstruct from state and frozen time (15.695125ms)
✔ all twelve still views expose one HTML statement and the ending has no resurrected photon (1.847584ms)
✔ camera and finite near-plane remain clear of actual campus, interior and service equipment (748.998917ms)
✔ all exterior raster cells and their UVs register to the actual hero glass (109.403833ms)
✔ selected cell, neighbours, protective glass and underside junction share exterior coordinates (4.157583ms)
✔ the teaching aperture reveals only the selected absorber and reverses without moving the stack (2.869667ms)
✔ connected panes retain their outer bounds and have only real aperture walls at every section (15.236ms)
✔ macro detail preserves contact registration, explicit shadow roles and one output conversion (2.4095ms)
✔ absorption finishes before extraction and the optical guide never travels down the circuit (24.711333ms)
✔ new chapter states and HTML stills reconstruct identically in reverse (68.142042ms)
✔ camera and aim are continuous through both scale joins and the original panel stop (2.699125ms)
✔ incoming optical trail remains attached and keeps its prefix at the new glass path (2.110375ms)
✔ cell and electrical allocations fit actual buffer budgets and release every owned resource once (18.827667ms)
✔ electrical paths meet the authored source and distinct inverter ports without geometric cable waves (4.254167ms)
✔ new near planes do not cut visible cell/campus solids in five framings (189.855959ms)
✔ the complete inverter cabinet and voltage-versus-time overlay fit the late views (15.375084ms)
✔ the independent current reveal remains visible while the camera follows DC routing (25.409791ms)
✔ absorption stays resolved in the central viewing field in all required viewport shapes (35.612292ms)
✔ geographic layers conceal only bounded joins and restore the same directional state in reverse (7.162375ms)
✔ moving cartons and contact artwork share one deterministic clock and safe spacing (62.66825ms)
✔ end-on DC acquisition has an attached soft source face without per-frame geometry allocation (3.125333ms)
✔ provider routes, helpers, payment script, input data and pinned dependencies retain exact bytes (381.070875ms)
✔ compiled homepage is byte-identical at index and experience and contains genuine compatibility anchors (6.352458ms)
✔ all named application controls retain their meaning and both consents remain distinct and unchecked (27.437417ms)
✔ supporting pages are complete documents without the cinematic runtime or retired simulator runtime (8.345ms)
✔ FAQ retirement keeps an explicit native destination in metadata and visible content (1.570417ms)
✔ direct static success is unverified and provider-neutral even before JavaScript (1.312958ms)
✔ recorded evidence remains static, dated and separate from the illustrative campus after homepage assembly (0.704167ms)
✔ the authoritative generator reproduces every supported source page in isolation (331.733875ms)
✔ repeated assembly removes stale routes/scripts, retains exact contracts and never changes neighbouring/source files (425.571208ms)
✔ full policy sections and consent distinctions survive with narrowly corrected implementation copy (43.36075ms)
✔ suitability preserves unknown and zero distinctions and never creates a paid result (29.859292ms)
✔ the extension preserves every captured old pose at the same scroll unit (62.074709ms)
✔ new duration adds scroll while old chapters and stills retain their positions (7.40975ms)
✔ new chapters extend the scroll distance while retaining the accepted first unit (6.299916ms)
✔ geographic convention and directional sunlight agree across coordinate systems (0.367083ms)
✔ all chapters reconstruct identical finite shots in reverse and attach the trail head exactly (131.728209ms)
✔ guide, camera, aim and up stay continuous through rebasing and obscured scale handoffs (1.300125ms)
✔ camera, aim and guide settle continuously at handoffs without pauses at new interior landmarks (1.898833ms)
✔ the approach, roof entry and array glide occupy authored scroll landmarks (26.896708ms)
✔ the exposed guide stays in frame and clear of the Earth and roof at every sampled step (257.109916ms)
✔ authored geometry leaves the camera-to-guide sightline clear and agrees with the landing anchor (344.822875ms)
✔ accepted Sun, flight and Earth camera poses retain their physical scroll positions (8.527083ms)
✔ known landmarks and the illustrative origin land on Britain, with Ireland kept separate (3.843167ms)
✔ commercial resources fit incremental budgets and each owned object disposes exactly once (21.508833ms)
✔ shader warmup stops its timer before material disposal after a timeout or context loss (88.353041ms)
✔ warmup resolves after readiness, rejects compile errors and never starts after disposal (43.922208ms)
ℹ tests 78
ℹ suites 0
ℹ pass 78
ℹ fail 0
ℹ cancelled 0
ℹ skipped 0
ℹ todo 0
ℹ duration_ms 1327.164958
