clearance ambient-0/landscape: 201 poses × 5 aspects; 0 collision intervals
clearance ambient-0/portrait: 201 poses × 5 aspects; 0 collision intervals
clearance ambient-0/short: 201 poses × 5 aspects; 0 collision intervals
clearance ambient-4.2/landscape: 201 poses × 5 aspects; 0 collision intervals
clearance ambient-4.2/portrait: 201 poses × 5 aspects; 0 collision intervals
clearance ambient-4.2/short: 201 poses × 5 aspects; 0 collision intervals
clearance ambient-8.4/landscape: 201 poses × 5 aspects; 0 collision intervals
clearance ambient-8.4/portrait: 201 poses × 5 aspects; 0 collision intervals
clearance ambient-8.4/short: 201 poses × 5 aspects; 0 collision intervals
clearance active-boundary-1.3179/landscape: 201 poses × 5 aspects; 0 collision intervals
clearance active-boundary-1.3179/portrait: 201 poses × 5 aspects; 0 collision intervals
clearance active-boundary-1.3179/short: 201 poses × 5 aspects; 0 collision intervals
clearance active-boundary-1.3201/landscape: 201 poses × 5 aspects; 0 collision intervals
clearance active-boundary-1.3201/portrait: 201 poses × 5 aspects; 0 collision intervals
clearance active-boundary-1.3201/short: 201 poses × 5 aspects; 0 collision intervals
clearance active-boundary-2.0459/landscape: 201 poses × 5 aspects; 0 collision intervals
clearance active-boundary-2.0459/portrait: 201 poses × 5 aspects; 0 collision intervals
clearance active-boundary-2.0459/short: 201 poses × 5 aspects; 0 collision intervals
clearance active-boundary-2.0481/landscape: 201 poses × 5 aspects; 0 collision intervals
clearance active-boundary-2.0481/portrait: 201 poses × 5 aspects; 0 collision intervals
clearance active-boundary-2.0481/short: 201 poses × 5 aspects; 0 collision intervals
clearance active-boundary-2.9619/landscape: 201 poses × 5 aspects; 0 collision intervals
clearance active-boundary-2.9619/portrait: 201 poses × 5 aspects; 0 collision intervals
clearance active-boundary-2.9619/short: 201 poses × 5 aspects; 0 collision intervals
clearance active-boundary-2.9641/landscape: 201 poses × 5 aspects; 0 collision intervals
clearance active-boundary-2.9641/portrait: 201 poses × 5 aspects; 0 collision intervals
clearance active-boundary-2.9641/short: 201 poses × 5 aspects; 0 collision intervals
clearance active-boundary-3.3479/landscape: 201 poses × 5 aspects; 0 collision intervals
clearance active-boundary-3.3479/portrait: 201 poses × 5 aspects; 0 collision intervals
clearance active-boundary-3.3479/short: 201 poses × 5 aspects; 0 collision intervals
clearance active-boundary-3.3501/landscape: 201 poses × 5 aspects; 0 collision intervals
clearance active-boundary-3.3501/portrait: 201 poses × 5 aspects; 0 collision intervals
clearance active-boundary-3.3501/short: 201 poses × 5 aspects; 0 collision intervals
clearance active-boundary-3.5979/landscape: 201 poses × 5 aspects; 0 collision intervals
clearance active-boundary-3.5979/portrait: 201 poses × 5 aspects; 0 collision intervals
clearance active-boundary-3.5979/short: 201 poses × 5 aspects; 0 collision intervals
clearance active-boundary-3.6001/landscape: 201 poses × 5 aspects; 0 collision intervals
clearance active-boundary-3.6001/portrait: 201 poses × 5 aspects; 0 collision intervals
clearance active-boundary-3.6001/short: 201 poses × 5 aspects; 0 collision intervals
clearance active-boundary-3.8499/landscape: 201 poses × 5 aspects; 0 collision intervals
clearance active-boundary-3.8499/portrait: 201 poses × 5 aspects; 0 collision intervals
clearance active-boundary-3.8499/short: 201 poses × 5 aspects; 0 collision intervals
clearance active-boundary-3.8521/landscape: 201 poses × 5 aspects; 0 collision intervals
clearance active-boundary-3.8521/portrait: 201 poses × 5 aspects; 0 collision intervals
clearance active-boundary-3.8521/short: 201 poses × 5 aspects; 0 collision intervals
clearance active-boundary-4.2359/landscape: 201 poses × 5 aspects; 0 collision intervals
clearance active-boundary-4.2359/portrait: 201 poses × 5 aspects; 0 collision intervals
clearance active-boundary-4.2359/short: 201 poses × 5 aspects; 0 collision intervals
clearance active-boundary-4.2381/landscape: 201 poses × 5 aspects; 0 collision intervals
clearance active-boundary-4.2381/portrait: 201 poses × 5 aspects; 0 collision intervals
clearance active-boundary-4.2381/short: 201 poses × 5 aspects; 0 collision intervals
clearance active-boundary-5.1519/landscape: 201 poses × 5 aspects; 0 collision intervals
clearance active-boundary-5.1519/portrait: 201 poses × 5 aspects; 0 collision intervals
clearance active-boundary-5.1519/short: 201 poses × 5 aspects; 0 collision intervals
clearance active-boundary-5.1541/landscape: 201 poses × 5 aspects; 0 collision intervals
clearance active-boundary-5.1541/portrait: 201 poses × 5 aspects; 0 collision intervals
clearance active-boundary-5.1541/short: 201 poses × 5 aspects; 0 collision intervals
clearance active-boundary-5.8799/landscape: 201 poses × 5 aspects; 0 collision intervals
clearance active-boundary-5.8799/portrait: 201 poses × 5 aspects; 0 collision intervals
clearance active-boundary-5.8799/short: 201 poses × 5 aspects; 0 collision intervals
clearance active-boundary-5.8821/landscape: 201 poses × 5 aspects; 0 collision intervals
clearance active-boundary-5.8821/portrait: 201 poses × 5 aspects; 0 collision intervals
clearance active-boundary-5.8821/short: 201 poses × 5 aspects; 0 collision intervals
clearance active-boundary-13.5979/landscape: 201 poses × 5 aspects; 0 collision intervals
clearance active-boundary-13.5979/portrait: 201 poses × 5 aspects; 0 collision intervals
clearance active-boundary-13.5979/short: 201 poses × 5 aspects; 0 collision intervals
clearance active-boundary-13.6001/landscape: 201 poses × 5 aspects; 0 collision intervals
clearance active-boundary-13.6001/portrait: 201 poses × 5 aspects; 0 collision intervals
clearance active-boundary-13.6001/short: 201 poses × 5 aspects; 0 collision intervals
clearance active-boundary-23.5979/landscape: 201 poses × 5 aspects; 0 collision intervals
clearance active-boundary-23.5979/portrait: 201 poses × 5 aspects; 0 collision intervals
clearance active-boundary-23.5979/short: 201 poses × 5 aspects; 0 collision intervals
clearance active-boundary-23.6001/landscape: 201 poses × 5 aspects; 0 collision intervals
clearance active-boundary-23.6001/portrait: 201 poses × 5 aspects; 0 collision intervals
clearance active-boundary-23.6001/short: 201 poses × 5 aspects; 0 collision intervals
clearance active-boundary-33.5979/landscape: 201 poses × 5 aspects; 0 collision intervals
clearance active-boundary-33.5979/portrait: 201 poses × 5 aspects; 0 collision intervals
clearance active-boundary-33.5979/short: 201 poses × 5 aspects; 0 collision intervals
clearance active-boundary-33.6001/landscape: 201 poses × 5 aspects; 0 collision intervals
clearance active-boundary-33.6001/portrait: 201 poses × 5 aspects; 0 collision intervals
clearance active-boundary-33.6001/short: 201 poses × 5 aspects; 0 collision intervals
{
  "output": "/Users/nick/Projects/Aesir Solar/experience-stage1/docs/experience/stage-seven/final-clearance.json",
  "sourcesChanged": [],
  "scenarios": 27,
  "samplePairs": 81405,
  "allIntervals": 0,
  "collisions": [],
  "entryMatches": [
    {
      "name": "inverter-ac-end",
      "position": [
        -40.14,
        0.74,
        13.7
      ],
      "error": 0
    },
    {
      "name": "interior-ac-start",
      "position": [
        -40.14,
        0.74,
        13.7
      ],
      "error": 0
    },
    {
      "name": "storage-ac-start",
      "position": [
        -40.14,
        0.74,
        13.7
      ],
      "error": 0
    },
    {
      "name": "grid-ac-start",
      "position": [
        -40.14,
        0.74,
        13.7
      ],
      "error": 0
    }
  ]
}
