
> aesir-solar@1.0.0 test:browser
> playwright test


Running 112 tests using 1 worker

(node:38915) Warning: The 'NO_COLOR' env is ignored due to the 'FORCE_COLOR' env being set.
(Use `node --trace-warnings ...` to show where the warning was created)
  ✓    1 tests/browser/experience.spec.ts:5:1 › opening, reverse, pause, resize, skip and browser Back preserve access (2.1s)
  ✓    2 tests/browser/experience.spec.ts:17:1 › CTA works before readiness and skip remains at details when bundle finishes (360ms)
  ✓    3 tests/browser/experience.spec.ts:25:1 › no JavaScript retains service, price, links and short layout (366ms)
  ✓    4 tests/browser/experience.spec.ts:31:1 › reduced motion freezes ambient time and removes extended scroll (569ms)
  ✓    5 tests/browser/experience.spec.ts:36:1 › WebGL unavailable uses composed fallback and working links (301ms)
  ✓    6 tests/browser/experience.spec.ts:41:1 › context loss stays in fallback when motion preference changes (252ms)
  ✓    7 tests/browser/experience.spec.ts:47:1 › failed scene bundle leaves usable HTML (270ms)
  ✓    8 tests/browser/experience.spec.ts:51:1 › offscreen stops the renderer and native keyboard reaches conversion (857ms)
  ✓    9 tests/browser/experience.spec.ts:55:1 › all preserved clean and html routes resolve; APIs are local stubs, never HTML (140ms)
  ✓   10 tests/browser/experience.spec.ts:60:1 › hidden-page lifecycle stops ambient work and resumes on visibility (659ms)
  ✓   11 tests/browser/stage-five.spec.ts:43:2 › delayed business holds its exact earlier pose and copy, then resumes without another scroll (1.3s)
  ✓   12 tests/browser/stage-five.spec.ts:64:2 › failed business import preserves the service and cannot restart after preferences change (731ms)
  ✓   13 tests/browser/stage-five.spec.ts:73:2 › business import deadline removes the scene and late completion cannot resurrect it (9.0s)
  ✓   14 tests/browser/stage-five.spec.ts:84:2 › rapid keyboard Skip remains at the application after late business completion (1.5s)
  ✓   15 tests/browser/stage-five.spec.ts:96:2 › a delayed business still refreshes its selected scene and copy without another click (724ms)
  ✓   16 tests/browser/stage-five.spec.ts:107:57 › business pending GPU readiness cancels cleanly on timeout (9.0s)
  ✓   17 tests/browser/stage-five.spec.ts:107:57 › business pending GPU readiness cancels cleanly on context loss (1.1s)
  ✓   18 tests/browser/stage-five.spec.ts:121:2 › context loss in the ready business view leaves the application accessible (816ms)
  ✓   19 tests/browser/stage-five.spec.ts:43:2 › delayed storage holds its exact earlier pose and copy, then resumes without another scroll (1.2s)
  ✓   20 tests/browser/stage-five.spec.ts:64:2 › failed storage import preserves the service and cannot restart after preferences change (786ms)
  ✓   21 tests/browser/stage-five.spec.ts:73:2 › storage import deadline removes the scene and late completion cannot resurrect it (9.2s)
  ✓   22 tests/browser/stage-five.spec.ts:84:2 › rapid keyboard Skip remains at the application after late storage completion (1.6s)
  ✓   23 tests/browser/stage-five.spec.ts:96:2 › a delayed storage still refreshes its selected scene and copy without another click (721ms)
  ✓   24 tests/browser/stage-five.spec.ts:107:57 › storage pending GPU readiness cancels cleanly on timeout (9.1s)
  ✓   25 tests/browser/stage-five.spec.ts:107:57 › storage pending GPU readiness cancels cleanly on context loss (1.2s)
  ✓   26 tests/browser/stage-five.spec.ts:121:2 › context loss in the ready storage view leaves the application accessible (748ms)
  ✓   27 tests/browser/stage-five.spec.ts:130:2 › desktop: four new stills preserve readable HTML, selection, frozen time and old still access (991ms)
  ✓   28 tests/browser/stage-five.spec.ts:146:2 › desktop: complete warmed reversal reuses new owners, buffers, textures and requests (26.2s)
  ✓   29 tests/browser/stage-five.spec.ts:130:2 › portrait: four new stills preserve readable HTML, selection, frozen time and old still access (974ms)
  ✓   30 tests/browser/stage-five.spec.ts:146:2 › portrait: complete warmed reversal reuses new owners, buffers, textures and requests (26.7s)
  ✓   31 tests/browser/stage-five.spec.ts:173:1 › inverter labels clear before business entry and restore when reversing to the inverter (1.4s)
  ✓   32 tests/browser/stage-five.spec.ts:183:1 › enlarged storage labels fit the viewport and stay separate from the main statement (759ms)
  ✓   33 tests/browser/stage-five.spec.ts:191:1 › portrait still controls remain clear of the status message and retain real hit targets (233ms)
  ✓   34 tests/browser/stage-five.spec.ts:197:1 › application navigation and browser Back return to a usable ending (1.4s)
  ✓   35 tests/browser/stage-five.spec.ts:206:1 › cached shadows refresh for first storage readiness, visibility reversal and then remain settled (1.8s)
  ✓   36 tests/browser/stage-five.spec.ts:220:107 › portrait: scientific still notes clear the expanded controls (772ms)
  ✓   37 tests/browser/stage-five.spec.ts:220:107 › short: scientific still notes clear the expanded controls (891ms)
  ✓   38 tests/browser/stage-four-warnings.spec.ts:11:2 › desktop: first site entry and repeated entries produce no console warnings (2.3s)
  ✓   39 tests/browser/stage-four-warnings.spec.ts:11:2 › portrait: first site entry and repeated entries produce no console warnings (2.4s)
  ✓   40 tests/browser/stage-four.spec.ts:16:2 › delayed cell holds the actual earlier scene and resumes the same scroll (663ms)
  ✓   41 tests/browser/stage-four.spec.ts:31:2 › failed cell preserves usable application access and cannot restart (491ms)
  ✓   42 tests/browser/stage-four.spec.ts:39:2 › cell deadline disposes the scene and late module completion cannot resurrect it (8.9s)
  ✓   43 tests/browser/stage-four.spec.ts:16:2 › delayed electrical holds the actual earlier scene and resumes the same scroll (649ms)
  ✓   44 tests/browser/stage-four.spec.ts:31:2 › failed electrical preserves usable application access and cannot restart (575ms)
  ✓   45 tests/browser/stage-four.spec.ts:39:2 › electrical deadline disposes the scene and late module completion cannot resurrect it (9.0s)
  ✓   46 tests/browser/stage-four.spec.ts:50:1 › all eight reduced-motion stills have matching HTML, distinct selection and no advancing ambient clock (1.2s)
  ✓   47 tests/browser/stage-four.spec.ts:62:1 › a delayed selected cell still refreshes its scene and copy when ready without another click (647ms)
  ✓   48 tests/browser/stage-four.spec.ts:70:1 › repeated scale, cell and circuit reversals restore states without allocating more GPU resources (11.9s)
  ✓   49 tests/browser/stage-four.spec.ts:86:2 › rapid keyboard skip remains at the application after late cell completion (1.1s)
  ✓   50 tests/browser/stage-four.spec.ts:96:48 › cell pending GPU readiness cancels cleanly on timeout (8.9s)
  ✓   51 tests/browser/stage-four.spec.ts:96:48 › cell pending GPU readiness cancels cleanly on context loss (973ms)
  ✓   52 tests/browser/stage-four.spec.ts:86:2 › rapid keyboard skip remains at the application after late electrical completion (1.1s)
  ✓   53 tests/browser/stage-four.spec.ts:96:48 › electrical pending GPU readiness cancels cleanly on timeout (9.0s)
  ✓   54 tests/browser/stage-four.spec.ts:96:48 › electrical pending GPU readiness cancels cleanly on context loss (1.0s)
  ✓   55 tests/browser/stage-four.spec.ts:114:1 › context loss after inverter reveal removes its DOM labels as well as the canvas (699ms)
  ✓   56 tests/browser/stage-four.spec.ts:124:1 › inverter labels stay separate from copy in enlarged text and reduced-motion stills (1.4s)
  ✓   57 tests/browser/stage-seven-motion.spec.ts:6:50 › pointer Pause freezes composition and copy through delayed cell readiness (1.1s)
  ✓   58 tests/browser/stage-seven-motion.spec.ts:6:50 › keyboard Pause freezes composition and copy through delayed cell readiness (1.1s)
  ✓   59 tests/browser/stage-seven-motion.spec.ts:16:1 › paused contact-to-DC handoff holds the actual view until resumed (1.2s)
  ✓   60 tests/browser/stage-seven-motion.spec.ts:21:1 › Pause survives a reduced-motion round trip and delayed cell readiness (1.0s)
  ✓   61 tests/browser/stage-seven-motion.spec.ts:44:1 › orientation changes obey pixel caps while cached owners remain bounded and reverseable (3.0s)
  ✓   62 tests/browser/stage-seven-motion.spec.ts:50:1 › a coalesced preference notification cannot stop motion with still controls hidden (1.0s)
  ✓   63 tests/browser/stage-seven-routes.spec.ts:42:1 › homepage route forms preserve queries and serve the same experience without a navigation redirect (549ms)
  ✓   64 tests/browser/stage-seven-routes.spec.ts:52:1 › every legacy fragment is a native no-JS destination with focus and browser Back (720ms)
  ✓   65 tests/browser/stage-seven-routes.spec.ts:69:1 › supporting routes and clean-URL equivalents contain real content without starting the film (799ms)
  ✓   66 tests/browser/stage-seven-routes.spec.ts:79:1 › the FAQ bridge works without JavaScript and lands in the complete native FAQ (235ms)
  ✓   67 tests/browser/stage-seven-routes.spec.ts:88:1 › all nineteen form names, units, options and separate unchecked consent meanings survive the reskin (190ms)
  ✓   68 tests/browser/stage-seven-routes.spec.ts:103:1 › existing prefill keys keep their meanings and payment submission sends the full dummy contract only to a local fixture (410ms)
  ✓   69 tests/browser/stage-seven-routes.spec.ts:121:1 › payment return query variants survive and never announce an unverified charge, receipt or received application (482ms)
  ✓   70 tests/browser/stage-seven-routes.spec.ts:132:1 › no JavaScript leaves a deliberate non-submitting application path and a truthful unverified success page (207ms)
  ✓   71 tests/browser/stage-seven-routes.spec.ts:144:1 › checker starts unknown and every result leads only to suitability contact (451ms)
  ✓   72 tests/browser/stage-seven-routes.spec.ts:164:1 › marketing, retirement and contact reading never request payment or live telemetry (405ms)
  ✓   73 tests/browser/stage-seven-routes.spec.ts:171:1 › unknown local routes remain genuine 404s and provider paths cannot become marketing HTML (7ms)
  ✓   74 tests/browser/stage-seven-routes.spec.ts:180:1 › failed or delayed application-controller loading keeps a non-submitting email fallback and preserves return context (242ms)
  ✓   75 tests/browser/stage-seven-routes.spec.ts:200:1 › untrusted return references are text and ordinary support headings keep the application link (432ms)
  ✓   76 tests/browser/stage-seven-routes.spec.ts:211:1 › enlarged application text reflows paired controls and keeps the selected supply readable (287ms)
  ✓   77 tests/browser/stage-six.spec.ts:80:1 › new section links use native hash navigation, keyboard focus and usable browser Back (606ms)
  ✓   78 tests/browser/stage-six.spec.ts:96:1 › a recorded-generation deep link survives delayed scene startup and leaves Apply immediately available (345ms)
  ✓   79 tests/browser/stage-six.spec.ts:110:1 › recorded generation remains dated and attributed, with matching approximate hourly table and accessible SVG (481ms)
  ✓   80 tests/browser/stage-six.spec.ts:115:1 › all application actions preserve the existing form, consents and browser return without submitting (564ms)
  ✓   81 tests/browser/stage-six.spec.ts:133:1 › FAQ uses native details and retains fee, uncertainty, support and policy destinations (720ms)
  ✓   82 tests/browser/stage-six.spec.ts:146:1 › reading every new section suspends rendered work and returning to the journey resumes it (1.4s)
  ✓   83 tests/browser/stage-six.spec.ts:158:1 › reduced motion keeps all twelve stills and makes the complete HTML continuation independently readable (604ms)
  ✓   84 tests/browser/stage-six.spec.ts:168:1 › no JavaScript preserves new anchors, historical proof, native FAQ and the existing application destination (499ms)
  ✓   85 tests/browser/stage-six.spec.ts:179:1 › failed scene startup retains the new content, recorded proof and application access (429ms)
  ✓   86 tests/browser/stage-six.spec.ts:186:109 › desktop: 200% text preserves new section reading, actions and table without horizontal page overflow (912ms)
  ✓   87 tests/browser/stage-six.spec.ts:186:109 › portrait: 200% text preserves new section reading, actions and table without horizontal page overflow (878ms)
  ✓   88 tests/browser/stage-six.spec.ts:207:1 › payoff application link is focusable only in its visible chapter and has a real hit target (725ms)
  ✓   89 tests/browser/stage-six.spec.ts:239:2 › recorded generation static data fixtures › a valid recorded zero remains 0.00 with zero bars and readings, rather than unavailable or missing (209ms)
  ✓   90 tests/browser/stage-six.spec.ts:253:2 › recorded generation static data fixtures › a malformed record shows unavailable without a chart or invented total and keeps the real application link working (231ms)
  ✓   91 tests/browser/stage-six.spec.ts:269:2 › 390px portrait with all text doubled › keeps the operating caption readable and all twelve still labels, payoff and status accessible (880ms)
  ✓   92 tests/browser/stage-six.spec.ts:269:2 › 640×360 DPR2 zoom-equivalent short viewport › keeps the operating caption readable and all twelve still labels, payoff and status accessible (1.0s)
  ✓   93 tests/browser/stage-six.spec.ts:325:1 › malformed percent fragments do not turn an otherwise ready journey into a rendering failure (282ms)
  ✓   94 tests/browser/stage-three.spec.ts:18:2 › delayed region assets hold a truthful earlier view then resume without another scroll (689ms)
  ✓   95 tests/browser/stage-three.spec.ts:18:2 › delayed site assets hold a truthful earlier view then resume without another scroll (632ms)
  ✓   96 tests/browser/stage-three.spec.ts:36:1 › reversing both cloud handoffs reuses warmed resources and exactly restores the authored shots (7.3s)
  ✓   97 tests/browser/stage-three.spec.ts:48:1 › all five reduced-motion stills have matching readable HTML and no advancing ambient time (784ms)
  ✓   98 tests/browser/stage-three.spec.ts:63:2 › failed region assets preserve the service and cannot restart after preferences change (413ms)
  ✓   99 tests/browser/stage-three.spec.ts:63:2 › failed site assets preserve the service and cannot restart after preferences change (411ms)
  ✓  100 tests/browser/stage-three.spec.ts:73:1 › rapid keyboard skip stays at the application while regional loading finishes offscreen (1.1s)
  ✓  101 tests/browser/stage-three.spec.ts:82:2 › region loading is bounded and late completion cannot resurrect disposed resources (8.8s)
  ✓  102 tests/browser/stage-three.spec.ts:82:2 › site loading is bounded and late completion cannot resurrect disposed resources (8.9s)
  ✓  103 tests/browser/stage-three.spec.ts:90:1 › new scene copy remains separate from controls with enlarged text (1.2s)
  ✓  104 tests/browser/stage-three.spec.ts:101:2 › pending GPU shader readiness cancels cleanly on timeout (8.7s)
  ✓  105 tests/browser/stage-three.spec.ts:101:2 › pending GPU shader readiness cancels cleanly on context loss (900ms)
  ✓  106 tests/browser/stage-two.spec.ts:19:1 › Sun, flight and Earth copy follow the rendered reversible path (3.1s)
  ✓  107 tests/browser/stage-two.spec.ts:43:1 › Earth is lazy, a delayed load holds a truthful shot, then resumes without another scroll (743ms)
  ✓  108 tests/browser/stage-two.spec.ts:60:1 › reduced motion switches Sun and Earth stills after delayed decoding without ambient motion (872ms)
  ✓  109 tests/browser/stage-two.spec.ts:89:1 › failed Earth assets leave a composed fallback and cannot restart after preference changes (373ms)
  ✓  110 tests/browser/stage-two.spec.ts:103:1 › Earth decode timeout is bounded and late bitmaps are disposed without resurrecting the scene (8.3s)
  ✓  111 tests/browser/stage-two.spec.ts:125:1 › conversion service steps and original form contract remain usable (434ms)
  ✓  112 tests/browser/stage-two.spec.ts:139:1 › enlarged text reflows without clipping the statement or its supporting sentence (1.1s)

  112 passed (4.3m)
