[
  {
    "name": "phone",
    "errors": [],
    "frames": [
      {
        "p": 0,
        "actual": 0,
        "viewport": 780,
        "stage": 780,
        "gap": 0
      },
      {
        "p": 0.15,
        "actual": 0.14994843280570377,
        "viewport": 780,
        "stage": 780,
        "gap": 0
      },
      {
        "p": 0.295,
        "actual": 0.2949894623559482,
        "viewport": 780,
        "stage": 780,
        "gap": 0
      },
      {
        "p": 0.315,
        "actual": 0.31489170889197793,
        "viewport": 780,
        "stage": 780,
        "gap": 0
      },
      {
        "p": 0.36,
        "actual": 0.35987623873368907,
        "viewport": 780,
        "stage": 780,
        "gap": 0
      },
      {
        "p": 0.295,
        "actual": 0.2949894623559482,
        "viewport": 780,
        "stage": 780,
        "gap": 0
      },
      {
        "p": 0.925,
        "actual": 0.9250455136540963,
        "viewport": 780,
        "stage": 780,
        "gap": 0
      },
      {
        "p": 2.21,
        "actual": 2.209967266041881,
        "viewport": 780,
        "stage": 780,
        "gap": 0
      },
      {
        "p": 2.68,
        "actual": 2.679987444509215,
        "viewport": 780,
        "stage": 780,
        "gap": 0
      },
      {
        "p": 4.6,
        "actual": 4.599872651450608,
        "viewport": 780,
        "stage": 780,
        "gap": 0
      },
      {
        "p": 6.03,
        "actual": 6.030108066902829,
        "viewport": 780,
        "stage": 780,
        "gap": 0
      }
    ]
  },
  {
    "name": "tall-phone",
    "errors": [],
    "frames": [
      {
        "p": 0,
        "actual": 0,
        "viewport": 915,
        "stage": 915,
        "gap": 0
      },
      {
        "p": 0.15,
        "actual": 0.1499540963199253,
        "viewport": 915,
        "stage": 915,
        "gap": 0
      },
      {
        "p": 0.295,
        "actual": 0.2949412588500739,
        "viewport": 915,
        "stage": 915,
        "gap": 0
      },
      {
        "p": 0.315,
        "actual": 0.31504551466583675,
        "viewport": 915,
        "stage": 915,
        "gap": 0
      },
      {
        "p": 0.36,
        "actual": 0.35998443943048314,
        "viewport": 915,
        "stage": 915,
        "gap": 0
      },
      {
        "p": 0.295,
        "actual": 0.2949412588500739,
        "viewport": 915,
        "stage": 915,
        "gap": 0
      },
      {
        "p": 0.925,
        "actual": 0.9250322881817475,
        "viewport": 915,
        "stage": 915,
        "gap": 0
      },
      {
        "p": 2.21,
        "actual": 2.210049015793978,
        "viewport": 915,
        "stage": 915,
        "gap": 0
      },
      {
        "p": 2.68,
        "actual": 2.6800155605695166,
        "viewport": 915,
        "stage": 915,
        "gap": 0
      },
      {
        "p": 4.6,
        "actual": 4.6000902513031985,
        "viewport": 915,
        "stage": 915,
        "gap": 0
      },
      {
        "p": 6.03,
        "actual": 6.030094141445577,
        "viewport": 915,
        "stage": 915,
        "gap": 0
      }
    ]
  }
]
