[
  {
    "name": "phone",
    "errors": [],
    "frames": [
      {
        "p": 0,
        "actual": 0,
        "viewport": 780,
        "stage": 655,
        "gap": 125
      },
      {
        "p": 0.15,
        "actual": 0.15079365079365079,
        "viewport": 780,
        "stage": 655,
        "gap": 125
      },
      {
        "p": 0.295,
        "actual": 0.2966522366522366,
        "viewport": 780,
        "stage": 655,
        "gap": 125
      },
      {
        "p": 0.315,
        "actual": 0.3166666666666667,
        "viewport": 780,
        "stage": 655,
        "gap": 125
      },
      {
        "p": 0.36,
        "actual": 0.3619047619047619,
        "viewport": 780,
        "stage": 655,
        "gap": 125
      },
      {
        "p": 0.295,
        "actual": 0.2966522366522366,
        "viewport": 780,
        "stage": 655,
        "gap": 125
      }
    ]
  },
  {
    "name": "tall-phone",
    "errors": [],
    "frames": [
      {
        "p": 0,
        "actual": 0,
        "viewport": 915,
        "stage": 755,
        "gap": 160
      },
      {
        "p": 0.15,
        "actual": 0.1508932905347217,
        "viewport": 915,
        "stage": 755,
        "gap": 160
      },
      {
        "p": 0.295,
        "actual": 0.2967885383230251,
        "viewport": 915,
        "stage": 755,
        "gap": 160
      },
      {
        "p": 0.315,
        "actual": 0.31701871134424175,
        "viewport": 915,
        "stage": 755,
        "gap": 160
      },
      {
        "p": 0.36,
        "actual": 0.36223909809754956,
        "viewport": 915,
        "stage": 755,
        "gap": 160
      },
      {
        "p": 0.295,
        "actual": 0.2967885383230251,
        "viewport": 915,
        "stage": 755,
        "gap": 160
      }
    ]
  }
]
