{
  name: 'mobile',
  frames: [
    { label: 'Sun', p50: 16.699999999999818, p95: 17.699999999999818 },
    {
      label: 'Earth',
      p50: 16.699999999999818,
      p95: 17.600000000000364
    },
    {
      label: 'Panel',
      p50: 16.700000000000728,
      p95: 17.600000000000364
    },
    { label: 'Cell', p50: 16.69999999999891, p95: 17.700000000000728 },
    {
      label: 'Inverter',
      p50: 16.69999999999709,
      p95: 17.700000000000728
    },
    {
      label: 'Business',
      p50: 16.69999999999709,
      p95: 17.599999999998545
    },
    {
      label: 'Storage',
      p50: 16.69999999999709,
      p95: 17.599999999998545
    },
    { label: 'Brand', p50: 16.69999999999709, p95: 17.600000000002183 }
  ],
  frozen: true,
  errors: [],
  warnings: []
}
