
> aesir-solar@1.0.0 test
> node --test tests/*.test.mjs

✔ camera and guide retrace identically, including boundaries (16.517291ms)
✔ resolution obeys DPR and total-pixel caps (0.120875ms)
✔ all original business files are byte-identical to the audited commit (553.147084ms)
✔ assembled pages, anchors, functions and no-SPA routing survive (2.724291ms)
✔ all framings reverse the same world camera, target and guide, including origin rebasing (56.653958ms)
✔ arrival begins and settles with continuous camera and target velocity (0.586542ms)
✔ camera stays outside the photosphere and Earth during acquisition and arrival (11.15325ms)
✔ distance-based trail begins at the guide and measures seven units behind it (0.822583ms)
✔ framing includes short landscape and copy windows remain readable (0.741125ms)
✔ the acquired guide stays on screen at every intermediate flight position (10.749958ms)
✔ preserved payment contracts with dummy credentials and no network (17.688792ms)
✔ the supplied dated record keeps its independent daily total and approximate readings (1.006583ms)
✔ static output exposes source, date, an accessible chart and a native table without telemetry or unsupported fields (0.826375ms)
✔ the chart resizes horizontally without shrinking its readable axis labels (0.240292ms)
✔ numeric zero remains a valid recorded value, distinct from unavailable data (0.272417ms)
✔ an absent internal hour is shown as missing, never fabricated as zero or padded to a whole day (0.894625ms)
✔ missing, nonnumeric and impossible daily values render a coherent application fallback (0.445417ms)
✔ malformed hourly readings are not coerced into valid energy or zero (0.732083ms)
✔ required location and measurement provenance cannot silently disappear (2.75225ms)
✔ calendar validation rejects rollover dates and accepts actual Gregorian leap days (0.553417ms)
✔ a historical record does not expire or change its date as the wall clock advances (0.225792ms)
✔ source strings are escaped in HTML and SVG rather than becoming executable markup (0.201667ms)
✔ tiny positive readings are not rounded into a false recorded zero (0.112709ms)
✔ the HTML transform rereads data, renders success and safely handles malformed or missing files (32.653416ms)
✔ the build hook leaves every other route and token-free HTML unchanged (0.368417ms)
✔ all stage-four camera and guide fields retain their exact accepted scroll positions (19.830458ms)
✔ new camera joins the settled inverter smoothly and every operation pose reverses exactly (78.87025ms)
✔ activation and the storage/grid conditions have ordered, mutually consistent phases (4.474292ms)
✔ the same AC entry connects the working bay and separately converted optional battery branch (0.523167ms)
✔ the facade opens a real clearance while retaining the inverter mounting wall and reverses exactly (36.899ms)
✔ new owners count all owned buffers and release every geometry/material/instance once (12.037083ms)
✔ lights, equipment, screen, storage level and flow uniforms reconstruct from state and frozen time (7.205458ms)
✔ all twelve still views expose one HTML statement and the ending has no resurrected photon (0.46625ms)
✔ camera and finite near-plane remain clear of actual campus, interior and service equipment (541.540667ms)
✔ all exterior raster cells and their UVs register to the actual hero glass (48.7825ms)
✔ selected cell, neighbours, protective glass and underside junction share exterior coordinates (2.012791ms)
✔ the teaching aperture reveals only the selected absorber and reverses without moving the stack (3.983958ms)
✔ absorption finishes before extraction and the optical guide never travels down the circuit (23.55375ms)
✔ new chapter states and HTML stills reconstruct identically in reverse (44.747167ms)
✔ camera and aim are continuous through both scale joins and the original panel stop (1.687459ms)
✔ incoming optical trail remains attached and keeps its prefix at the new glass path (1.173292ms)
✔ cell and electrical allocations fit actual buffer budgets and release every owned resource once (14.014917ms)
✔ electrical paths meet the authored source and distinct inverter ports without geometric cable waves (2.418166ms)
✔ new near planes do not cut visible cell/campus solids in five framings (121.051167ms)
✔ the complete inverter cabinet and voltage-versus-time overlay fit the late views (12.085625ms)
✔ the independent current reveal remains visible while the camera follows DC routing (20.760667ms)
✔ the extension preserves every captured old pose at the same scroll unit (22.539334ms)
✔ new duration adds scroll while old chapters and stills retain their positions (5.803ms)
✔ new chapters extend the scroll distance while retaining the accepted first unit (5.325458ms)
✔ geographic convention and directional sunlight agree across coordinate systems (0.402833ms)
✔ all chapters reconstruct identical finite shots in reverse and attach the trail head exactly (112.14725ms)
✔ guide, camera, aim and up stay continuous through rebasing and obscured scale handoffs (0.294083ms)
✔ camera, aim and guide settle continuously at handoffs without pauses at new interior landmarks (1.360709ms)
✔ the approach, roof entry and array glide occupy authored scroll landmarks (26.250084ms)
✔ the exposed guide stays in frame and clear of the Earth and roof at every sampled step (206.504375ms)
✔ authored geometry leaves the camera-to-guide sightline clear and agrees with the landing anchor (311.448625ms)
✔ accepted Sun, flight and Earth camera poses retain their physical scroll positions (8.032ms)
✔ known landmarks and the illustrative origin land on Britain, with Ireland kept separate (4.366291ms)
✔ commercial resources fit incremental budgets and each owned object disposes exactly once (16.168625ms)
✔ shader warmup stops its timer before material disposal after a timeout or context loss (92.406333ms)
✔ warmup resolves after readiness, rejects compile errors and never starts after disposal (43.903333ms)
ℹ tests 61
ℹ suites 0
ℹ pass 61
ℹ fail 0
ℹ cancelled 0
ℹ skipped 0
ℹ todo 0
ℹ duration_ms 876.440792
