[
  {
    "engine": "chromium",
    "width": 390,
    "errors": [],
    "warnings": [],
    "skip": {
      "font": "11px",
      "textAdjust": "auto",
      "background": "rgba(5, 6, 8, 0.66)",
      "rect": {
        "x": 185.9375,
        "y": 93,
        "width": 180.671875,
        "height": 32,
        "top": 93,
        "right": 366.609375,
        "bottom": 125,
        "left": 185.9375
      },
      "content": [
        {
          "x": 197.9375,
          "y": 103,
          "width": 134.890625,
          "height": 12,
          "top": 103,
          "right": 332.828125,
          "bottom": 115,
          "left": 197.9375
        },
        {
          "x": 348.828125,
          "y": 103,
          "width": 5.78125,
          "height": 12,
          "top": 103,
          "right": 354.609375,
          "bottom": 115,
          "left": 348.828125
        },
        {
          "x": 348.828125,
          "y": 103,
          "width": 5.78125,
          "height": 12,
          "top": 103,
          "right": 354.609375,
          "bottom": 115,
          "left": 348.828125
        }
      ]
    }
  },
  {
    "engine": "chromium",
    "width": 375,
    "errors": [],
    "warnings": [],
    "skip": {
      "font": "11px",
      "textAdjust": "auto",
      "background": "rgba(5, 6, 8, 0.66)",
      "rect": {
        "x": 171.828125,
        "y": 93,
        "width": 180.671875,
        "height": 32,
        "top": 93,
        "right": 352.5,
        "bottom": 125,
        "left": 171.828125
      },
      "content": [
        {
          "x": 183.828125,
          "y": 103,
          "width": 134.890625,
          "height": 12,
          "top": 103,
          "right": 318.71875,
          "bottom": 115,
          "left": 183.828125
        },
        {
          "x": 334.71875,
          "y": 103,
          "width": 5.78125,
          "height": 12,
          "top": 103,
          "right": 340.5,
          "bottom": 115,
          "left": 334.71875
        },
        {
          "x": 334.71875,
          "y": 103,
          "width": 5.78125,
          "height": 12,
          "top": 103,
          "right": 340.5,
          "bottom": 115,
          "left": 334.71875
        }
      ]
    }
  },
  {
    "engine": "webkit",
    "width": 390,
    "errors": [],
    "warnings": [],
    "skip": {
      "font": "11px",
      "textAdjust": "",
      "background": "rgba(5, 6, 8, 0.66)",
      "rect": {
        "x": 185.9375,
        "y": 93,
        "width": 180.671875,
        "height": 32,
        "top": 93,
        "right": 366.609375,
        "bottom": 125,
        "left": 185.9375
      },
      "content": [
        {
          "x": 197.9375,
          "y": 102.85546875,
          "width": 134.88751220703125,
          "height": 12.2890625,
          "top": 102.85546875,
          "right": 332.82501220703125,
          "bottom": 115.14453125,
          "left": 197.9375
        },
        {
          "x": 348.82501220703125,
          "y": 102.85546875,
          "width": 5.774993896484375,
          "height": 12.2890625,
          "top": 102.85546875,
          "right": 354.6000061035156,
          "bottom": 115.14453125,
          "left": 348.82501220703125
        },
        {
          "x": 348.82501220703125,
          "y": 102.85546875,
          "width": 5.774993896484375,
          "height": 12.2890625,
          "top": 102.85546875,
          "right": 354.6000061035156,
          "bottom": 115.14453125,
          "left": 348.82501220703125
        }
      ]
    }
  },
  {
    "engine": "webkit",
    "width": 375,
    "errors": [],
    "warnings": [],
    "skip": {
      "font": "11px",
      "textAdjust": "",
      "background": "rgba(5, 6, 8, 0.66)",
      "rect": {
        "x": 171.828125,
        "y": 93,
        "width": 180.671875,
        "height": 32,
        "top": 93,
        "right": 352.5,
        "bottom": 125,
        "left": 171.828125
      },
      "content": [
        {
          "x": 183.828125,
          "y": 102.85546875,
          "width": 134.88751220703125,
          "height": 12.2890625,
          "top": 102.85546875,
          "right": 318.71563720703125,
          "bottom": 115.14453125,
          "left": 183.828125
        },
        {
          "x": 334.71563720703125,
          "y": 102.85546875,
          "width": 5.774993896484375,
          "height": 12.2890625,
          "top": 102.85546875,
          "right": 340.4906311035156,
          "bottom": 115.14453125,
          "left": 334.71563720703125
        },
        {
          "x": 334.71563720703125,
          "y": 102.85546875,
          "width": 5.774993896484375,
          "height": 12.2890625,
          "top": 102.85546875,
          "right": 340.4906311035156,
          "bottom": 115.14453125,
          "left": 334.71563720703125
        }
      ]
    }
  }
]
