
Running 2 tests using 1 worker

(node:21842) Warning: The 'NO_COLOR' env is ignored due to the 'FORCE_COLOR' env being set.
(Use `node --trace-warnings ...` to show where the warning was created)
  ✘  1 tests/browser/helpers/mobile-footer.ts:25:2 › webkit: bottom controls glide through an abrupt browser-height expansion (3.3s)
(node:21889) Warning: The 'NO_COLOR' env is ignored due to the 'FORCE_COLOR' env being set.
(Use `node --trace-warnings ...` to show where the warning was created)
  ✘  2 tests/browser/helpers/mobile-footer.ts:25:2 › chromium: bottom controls glide through an abrupt browser-height expansion (1.8s)


  1) tests/browser/helpers/mobile-footer.ts:25:2 › webkit: bottom controls glide through an abrupt browser-height expansion 

    Error: expect(received).toBeGreaterThanOrEqual(expected)

    Expected: >= 4
    Received:    0

      29 |   expect(end-start).toBeCloseTo(125,0);
      30 |   const intermediate=frames.filter(f=>f.height===844&&f.y>start+2&&f.y<end-2);
    > 31 |   expect(new Set(intermediate.map(f=>Math.round(f.y))).size).toBeGreaterThanOrEqual(4);
         |                                                              ^
      32 |   expect(Math.max(...frames.slice(1).map((f,i)=>Math.abs(f.y-frames[i].y)))).toBeLessThan(80);
      33 |   expect(frames.every(f=>f.bottom<=f.height+1)).toBe(true);await settled(page);
      34 |  });
        at /Users/nick/Projects/Aesir Solar/experience-stage1/tests/browser/helpers/mobile-footer.ts:31:62

    Error Context: test-results/mobile-footer-webkit-webki-78146-pt-browser-height-expansion/error-context.md

  2) tests/browser/helpers/mobile-footer.ts:25:2 › chromium: bottom controls glide through an abrupt browser-height expansion 

    Error: expect(received).toBeGreaterThanOrEqual(expected)

    Expected: >= 4
    Received:    0

      29 |   expect(end-start).toBeCloseTo(125,0);
      30 |   const intermediate=frames.filter(f=>f.height===844&&f.y>start+2&&f.y<end-2);
    > 31 |   expect(new Set(intermediate.map(f=>Math.round(f.y))).size).toBeGreaterThanOrEqual(4);
         |                                                              ^
      32 |   expect(Math.max(...frames.slice(1).map((f,i)=>Math.abs(f.y-frames[i].y)))).toBeLessThan(80);
      33 |   expect(frames.every(f=>f.bottom<=f.height+1)).toBe(true);await settled(page);
      34 |  });
        at /Users/nick/Projects/Aesir Solar/experience-stage1/tests/browser/helpers/mobile-footer.ts:31:62

    Error Context: test-results/mobile-footer-chromium-bot-45aa1-pt-browser-height-expansion/error-context.md

  2 failed
    tests/browser/helpers/mobile-footer.ts:25:2 › webkit: bottom controls glide through an abrupt browser-height expansion 
    tests/browser/helpers/mobile-footer.ts:25:2 › chromium: bottom controls glide through an abrupt browser-height expansion 
