Vercel CLI 58.0.0 (Node.js 24.15.0)
Fetching deployment "aesir-solar-6fsyme4i4-aesir.vercel.app" in aesir
> Fetched deployment "aesir-solar-6fsyme4i4-aesir.vercel.app" in aesir [1s]

General

id		dpl_D62pCyY4oBeFG2n2dW1w244sCawq
name	aesir-solar
target	production
status	● Ready
url		https://aesir-solar-6fsyme4i4-aesir.vercel.app
created	Wed Sep 09 2026 19:19:57 GMT+0100 (Western European Summer Time) [1m ago]


Aliases

╶ https://aesirsolar.co.uk
    ╶ https://aesir-solar.vercel.app
    ╶ https://www.aesirsolar.co.uk
    ╶ https://aesir-solar-aesir.vercel.app
    ╶ https://aesir-solar-git-main-aesir.vercel.app
    

Builds

┌ .        [0ms]
    ├── λ api/application-status (7KB) [iad1]
    ├── λ api/checkout (7.48KB) [iad1]
    ├── λ api/operations (305.23KB) [iad1]
    ├── λ api/stripe-webhook (304.28KB) [iad1]
    ├── λ api/tigo (4.63KB) [iad1]
    └── 3 output items hidden
    

